python : C:\Users\gup
ta\AppData\Local\Prog
rams\Python\Python311
\Lib\site-packages\py
dub\utils.py:170: 
RuntimeWarning: 
Couldn't find ffmpeg 
or avconv - 
defaulting to 
ffmpeg, but may not 
work
At line:1 char:1
+ python simulate_rea
ding_task.py > 
test_output.txt 2>&1
+ ~~~~~~~~~~~~~~~~~~~
~~~~~~~~~~~~~~~~~~~~~
~~~~~~~~~~~~~~
    + CategoryInfo   
           : NotSpe  
  cified: (C:\User   
 s\gupta\...ut ma    
y not work:Strin    
g) [], RemoteExc    
eption
    + FullyQualified 
   ErrorId : Native  
  CommandError
 
  warn("Couldn't 
find ffmpeg or 
avconv - defaulting 
to ffmpeg, but may 
not work", 
RuntimeWarning)
Connected to the database successfully!
Traceback (most 
recent call last):
  File "C:\Users\gupt
a\Desktop\dyslexia_we
bsite_deployed_Copy2\
simulate_reading_task
.py", line 6, in 
<module>
    from app import 
app, connect_db
  File "C:\Users\gupt
a\Desktop\dyslexia_we
bsite_deployed_Copy2\
app.py", line 8794, 
in <module>
    @app.route('/api/
upload-audio', 
methods=['POST'])
     ^^^^^^^^^^^^^^^^
^^^^^^^^^^^^^^^^^^^^^
^^^^^^^^^^^
  File "C:\Users\gupt
a\AppData\Local\Progr
ams\Python\Python311\
Lib\site-packages\fla
sk\scaffold.py", 
line 435, in 
decorator
    self.add_url_rule
(rule, endpoint, f, 
**options)
  File "C:\Users\gupt
a\AppData\Local\Progr
ams\Python\Python311\
Lib\site-packages\fla
sk\scaffold.py", 
line 50, in 
wrapper_func
    return f(self, 
*args, **kwargs)
           ^^^^^^^^^^
^^^^^^^^^^^^^^
  File "C:\Users\gupt
a\AppData\Local\Progr
ams\Python\Python311\
Lib\site-packages\fla
sk\app.py", line 
1059, in add_url_rule
    raise 
AssertionError(
AssertionError: View 
function mapping is 
overwriting an 
existing endpoint 
function: 
upload_audio
